  正在确定要还原的项目…
  所有项目均是最新的，无法还原。
  MilkShared -> D:\tedtv_github\milk-api-manager-system\backend\MilkShared\bin\Debug\net8.0\MilkShared.dll
D:\tedtv_github\milk-api-manager-system\backend\MilkWorker\AutoBlockWorker.cs(83,32): error CS0029: 无法将类型“System.Net.IPAddress”隐式转换为“string” [D:\tedtv_github\milk-api-manager-system\backend\MilkWorker\MilkWorker.csproj]
D:\tedtv_github\milk-api-manager-system\backend\MilkWorker\AutoBlockWorker.cs(89,69): error CS0019: 运算符“==”无法应用于“string”和“IPAddress”类型的操作数 [D:\tedtv_github\milk-api-manager-system\backend\MilkWorker\MilkWorker.csproj]
D:\tedtv_github\milk-api-manager-system\backend\MilkApiManager\Services\WhitelistService.cs(54,63): error CS0029: 无法将类型“System.Net.IPAddress”隐式转换为“string” [D:\tedtv_github\milk-api-manager-system\backend\MilkApiManager\MilkApiManager.csproj]
D:\tedtv_github\milk-api-manager-system\backend\MilkApiManager\Services\WhitelistService.cs(62,102): error CS0019: 运算符“==”无法应用于“string”和“IPAddress”类型的操作数 [D:\tedtv_github\milk-api-manager-system\backend\MilkApiManager\MilkApiManager.csproj]
D:\tedtv_github\milk-api-manager-system\backend\MilkApiManager\Services\WhitelistService.cs(68,30): error CS0029: 无法将类型“System.Net.IPAddress”隐式转换为“string” [D:\tedtv_github\milk-api-manager-system\backend\MilkApiManager\MilkApiManager.csproj]
D:\tedtv_github\milk-api-manager-system\backend\MilkApiManager\Services\WhitelistService.cs(91,102): error CS0019: 运算符“==”无法应用于“string”和“IPAddress”类型的操作数 [D:\tedtv_github\milk-api-manager-system\backend\MilkApiManager\MilkApiManager.csproj]
D:\tedtv_github\milk-api-manager-system\backend\MilkApiManager\Controllers\WhitelistController.cs(57,78): error CS0029: 无法将类型“System.Net.IPAddress”隐式转换为“string” [D:\tedtv_github\milk-api-manager-system\backend\MilkApiManager\MilkApiManager.csproj]
D:\tedtv_github\milk-api-manager-system\backend\MilkApiManager\Services\BlacklistService.cs(54,71): error CS0029: 无法将类型“System.Net.IPAddress”隐式转换为“string” [D:\tedtv_github\milk-api-manager-system\backend\MilkApiManager\MilkApiManager.csproj]
D:\tedtv_github\milk-api-manager-system\backend\MilkApiManager\Services\BlacklistService.cs(79,82): error CS0019: 运算符“==”无法应用于“string”和“IPAddress”类型的操作数 [D:\tedtv_github\milk-api-manager-system\backend\MilkApiManager\MilkApiManager.csproj]
D:\tedtv_github\milk-api-manager-system\backend\MilkApiManager\Services\BlacklistService.cs(84,36): error CS0029: 无法将类型“System.Net.IPAddress”隐式转换为“string” [D:\tedtv_github\milk-api-manager-system\backend\MilkApiManager\MilkApiManager.csproj]
D:\tedtv_github\milk-api-manager-system\backend\MilkApiManager\Services\BlacklistService.cs(123,82): error CS0019: 运算符“==”无法应用于“string”和“IPAddress”类型的操作数 [D:\tedtv_github\milk-api-manager-system\backend\MilkApiManager\MilkApiManager.csproj]
D:\tedtv_github\milk-api-manager-system\backend\MilkApiManager\Controllers\WhitelistController.cs(98,114): error CS0019: 运算符“==”无法应用于“string”和“IPAddress”类型的操作数 [D:\tedtv_github\milk-api-manager-system\backend\MilkApiManager\MilkApiManager.csproj]
D:\tedtv_github\milk-api-manager-system\backend\MilkApiManager\Controllers\WhitelistController.cs(104,42): error CS0029: 无法将类型“System.Net.IPAddress”隐式转换为“string” [D:\tedtv_github\milk-api-manager-system\backend\MilkApiManager\MilkApiManager.csproj]
D:\tedtv_github\milk-api-manager-system\backend\MilkApiManager\Controllers\WhitelistController.cs(135,114): error CS0019: 运算符“==”无法应用于“string”和“IPAddress”类型的操作数 [D:\tedtv_github\milk-api-manager-system\backend\MilkApiManager\MilkApiManager.csproj]

生成失败。

D:\tedtv_github\milk-api-manager-system\backend\MilkWorker\AutoBlockWorker.cs(83,32): error CS0029: 无法将类型“System.Net.IPAddress”隐式转换为“string” [D:\tedtv_github\milk-api-manager-system\backend\MilkWorker\MilkWorker.csproj]
D:\tedtv_github\milk-api-manager-system\backend\MilkWorker\AutoBlockWorker.cs(89,69): error CS0019: 运算符“==”无法应用于“string”和“IPAddress”类型的操作数 [D:\tedtv_github\milk-api-manager-system\backend\MilkWorker\MilkWorker.csproj]
D:\tedtv_github\milk-api-manager-system\backend\MilkApiManager\Services\WhitelistService.cs(54,63): error CS0029: 无法将类型“System.Net.IPAddress”隐式转换为“string” [D:\tedtv_github\milk-api-manager-system\backend\MilkApiManager\MilkApiManager.csproj]
D:\tedtv_github\milk-api-manager-system\backend\MilkApiManager\Services\WhitelistService.cs(62,102): error CS0019: 运算符“==”无法应用于“string”和“IPAddress”类型的操作数 [D:\tedtv_github\milk-api-manager-system\backend\MilkApiManager\MilkApiManager.csproj]
D:\tedtv_github\milk-api-manager-system\backend\MilkApiManager\Services\WhitelistService.cs(68,30): error CS0029: 无法将类型“System.Net.IPAddress”隐式转换为“string” [D:\tedtv_github\milk-api-manager-system\backend\MilkApiManager\MilkApiManager.csproj]
D:\tedtv_github\milk-api-manager-system\backend\MilkApiManager\Services\WhitelistService.cs(91,102): error CS0019: 运算符“==”无法应用于“string”和“IPAddress”类型的操作数 [D:\tedtv_github\milk-api-manager-system\backend\MilkApiManager\MilkApiManager.csproj]
D:\tedtv_github\milk-api-manager-system\backend\MilkApiManager\Controllers\WhitelistController.cs(57,78): error CS0029: 无法将类型“System.Net.IPAddress”隐式转换为“string” [D:\tedtv_github\milk-api-manager-system\backend\MilkApiManager\MilkApiManager.csproj]
D:\tedtv_github\milk-api-manager-system\backend\MilkApiManager\Services\BlacklistService.cs(54,71): error CS0029: 无法将类型“System.Net.IPAddress”隐式转换为“string” [D:\tedtv_github\milk-api-manager-system\backend\MilkApiManager\MilkApiManager.csproj]
D:\tedtv_github\milk-api-manager-system\backend\MilkApiManager\Services\BlacklistService.cs(79,82): error CS0019: 运算符“==”无法应用于“string”和“IPAddress”类型的操作数 [D:\tedtv_github\milk-api-manager-system\backend\MilkApiManager\MilkApiManager.csproj]
D:\tedtv_github\milk-api-manager-system\backend\MilkApiManager\Services\BlacklistService.cs(84,36): error CS0029: 无法将类型“System.Net.IPAddress”隐式转换为“string” [D:\tedtv_github\milk-api-manager-system\backend\MilkApiManager\MilkApiManager.csproj]
D:\tedtv_github\milk-api-manager-system\backend\MilkApiManager\Services\BlacklistService.cs(123,82): error CS0019: 运算符“==”无法应用于“string”和“IPAddress”类型的操作数 [D:\tedtv_github\milk-api-manager-system\backend\MilkApiManager\MilkApiManager.csproj]
D:\tedtv_github\milk-api-manager-system\backend\MilkApiManager\Controllers\WhitelistController.cs(98,114): error CS0019: 运算符“==”无法应用于“string”和“IPAddress”类型的操作数 [D:\tedtv_github\milk-api-manager-system\backend\MilkApiManager\MilkApiManager.csproj]
D:\tedtv_github\milk-api-manager-system\backend\MilkApiManager\Controllers\WhitelistController.cs(104,42): error CS0029: 无法将类型“System.Net.IPAddress”隐式转换为“string” [D:\tedtv_github\milk-api-manager-system\backend\MilkApiManager\MilkApiManager.csproj]
D:\tedtv_github\milk-api-manager-system\backend\MilkApiManager\Controllers\WhitelistController.cs(135,114): error CS0019: 运算符“==”无法应用于“string”和“IPAddress”类型的操作数 [D:\tedtv_github\milk-api-manager-system\backend\MilkApiManager\MilkApiManager.csproj]
    0 个警告
    14 个错误

已用时间 00:00:02.41
